[debug] > Exec(early(addDefaultCommands), None, None)
[debug] > Exec(addDefaultCommands, None, None)
[debug] > Exec(early(initialize), None, None)
[debug] > Exec(initialize, None, None)
[debug] > Exec(early(addPluginSbtFile="""C:/Users/matth/AppData/Local/Temp/idea1631130160500136305.sbt"""), None, None)
[debug] > Exec(addPluginSbtFile="""C:/Users/matth/AppData/Local/Temp/idea1631130160500136305.sbt""", None, None)
[debug] > Exec(boot, None, None)
[debug] > Exec(writeSbtVersion, None, None)
[debug] > Exec(reload, None, None)
[debug] > Exec(sbtStashOnFailure, None, None)
[debug] > Exec(onFailure loadFailed, None, None)
[debug] > Exec(loadp, None, None)
[info] welcome to sbt 1.11.4 (Oracle Corporation Java 26.0.2.1)
[debug]       Load.loadUnit: plugins took 144.1254ms
[debug]       Load.loadUnit: defsScala took 0.495ms
[debug] [Loading] Scanning directory C:\Users\matth\.sbt\1.0\plugins
[debug] [Loading] Found non-root projects 
[debug] [Loading] Done in C:\Users\matth\.sbt\1.0\plugins, returning: ()
[debug] deducing auto plugins based on known facts Set(Atom(sbt.plugins.CorePlugin)) and clauses Clauses(Clause(Atom(sbt.plugins.JvmPlugin),Set(Atom(sbt.plugins.IvyPlugin)))
[debug] Clause(Atom(sbt.ScriptedPlugin),Set(Atom(sbt.plugins.JvmPlugin)))
[debug] Clause(Atom(sbt.plugins.SbtPlugin),Set(Atom(sbt.ScriptedPlugin)))
[debug] Clause(Atom(sbt.plugins.SemanticdbPlugin),Set(Atom(sbt.plugins.JvmPlugin)))
[debug] Clause(Atom(sbt.plugins.JUnitXmlReportPlugin),Set(Atom(sbt.plugins.JvmPlugin)))
[debug] Clause(Atom(sbt.plugins.MiniDependencyTreePlugin),Set(Atom(sbt.plugins.JvmPlugin)))
[debug] Clause(Atom(sbt.plugins.CorePlugin),Set(Atom(sbt.plugins.IvyPlugin)))
[debug] Clause(Atom(sbt.plugins.IvyPlugin),Set(Atom(sbt.plugins.JvmPlugin)))
[debug] Clause(Atom(sbt.plugins.JvmPlugin),Set(Atom(sbt.plugins.SemanticdbPlugin)))
[debug] Clause(Atom(sbt.plugins.JvmPlugin),Set(Atom(sbt.plugins.JUnitXmlReportPlugin)))
[debug] Clause(Atom(sbt.plugins.CorePlugin),Set(Atom(sbt.plugins.Giter8TemplatePlugin)))
[debug] Clause(Atom(sbt.plugins.JvmPlugin),Set(Atom(sbt.plugins.MiniDependencyTreePlugin))))
[debug]   :: deduced result: Matched(sbt.plugins.CorePlugin,sbt.plugins.Giter8TemplatePlugin,sbt.plugins.IvyPlugin,sbt.plugins.JvmPlugin,sbt.plugins.MiniDependencyTreePlugin,sbt.plugins.JUnitXmlReportPlugin,sbt.plugins.SemanticdbPlugin)
[debug] Plugins.deducer#function took 32.4902 ms
[debug]           Load.resolveProject(global-plugins) took 73.5164ms
[debug]         Load.loadTransitive: finalizeProject(Project(id global-plugins, base: C:\Users\matth\.sbt\1.0\plugins, plugins: List(<none>))) took 150.72ms
[debug] [Loading] Done in C:\Users\matth\.sbt\1.0\plugins, returning: (global-plugins)
[debug]       Load.loadUnit: loadedProjectsRaw took 198.1636ms
[debug]       Load.loadUnit: cleanEvalClasses took 0.4653ms
[debug]     Load.loadUnit(file:/C:/Users/matth/.sbt/1.0/plugins/, ...) took 360.6874ms
[debug]   Load.apply: load took 687.6479ms
[debug]   Load.apply: resolveProjects took 13.4379ms
[debug]   Load.apply: finalTransforms took 98.4252ms
[debug]   Load.apply: config.delegates took 11.362ms
[debug]   Load.apply: Def.make(settings)... took 553.5999ms
[debug]   Load.apply: structureIndex took 218.8741ms
[debug]   Load.apply: mkStreams took 3.3707ms
[info] loading global plugins from C:\Users\matth\.sbt\1.0\plugins
[debug] Running task... Cancel: Signal, check cycles: false, forcegc: true
[debug] Load.defaultLoad until apply took 6860.7946ms
[debug]           Load.loadUnit: plugins took 38.0942ms
[debug]           Load.loadUnit: defsScala took 0.0051ms
[debug] [Loading] Scanning directory C:\Users\matth\Downloads\cs241e-handout-2609.01-6affb3c018998a51b90d58e18f2d7cfac5ceeeca\cs241e\project
[debug]             Load.loadUnit: mkEval took 12.595ms
[debug] [Loading] Found non-root projects 
[debug] [Loading] Done in C:\Users\matth\Downloads\cs241e-handout-2609.01-6affb3c018998a51b90d58e18f2d7cfac5ceeeca\cs241e\project, returning: ()
[debug] deducing auto plugins based on known facts Set(Atom(sbt.plugins.CorePlugin)) and clauses Clauses(Clause(Atom(sbt.plugins.JvmPlugin),Set(Atom(sbt.plugins.IvyPlugin)))
[debug] Clause(Atom(sbt.ScriptedPlugin),Set(Atom(sbt.plugins.JvmPlugin)))
[debug] Clause(Atom(sbt.plugins.SbtPlugin),Set(Atom(sbt.ScriptedPlugin)))
[debug] Clause(Atom(sbt.plugins.SemanticdbPlugin),Set(Atom(sbt.plugins.JvmPlugin)))
[debug] Clause(Atom(sbt.plugins.JUnitXmlReportPlugin),Set(Atom(sbt.plugins.JvmPlugin)))
[debug] Clause(Atom(sbt.plugins.MiniDependencyTreePlugin),Set(Atom(sbt.plugins.JvmPlugin)))
[debug] Clause(Atom(sbt.plugins.CorePlugin),Set(Atom(sbt.plugins.IvyPlugin)))
[debug] Clause(Atom(sbt.plugins.IvyPlugin),Set(Atom(sbt.plugins.JvmPlugin)))
[debug] Clause(Atom(sbt.plugins.JvmPlugin),Set(Atom(sbt.plugins.SemanticdbPlugin)))
[debug] Clause(Atom(sbt.plugins.JvmPlugin),Set(Atom(sbt.plugins.JUnitXmlReportPlugin)))
[debug] Clause(Atom(sbt.plugins.CorePlugin),Set(Atom(sbt.plugins.Giter8TemplatePlugin)))
[debug] Clause(Atom(sbt.plugins.JvmPlugin),Set(Atom(sbt.plugins.MiniDependencyTreePlugin))))
[debug]   :: deduced result: Matched(sbt.plugins.CorePlugin,sbt.plugins.Giter8TemplatePlugin,sbt.plugins.IvyPlugin,sbt.plugins.JvmPlugin,sbt.plugins.MiniDependencyTreePlugin,sbt.plugins.JUnitXmlReportPlugin,sbt.plugins.SemanticdbPlugin)
[debug] Plugins.deducer#function took 1.9363 ms
[info] loading settings for project cs241e-build from idea1631130160500136305.sbt...
[debug]               Load.resolveProject(cs241e-build) took 4.2352ms
[debug]             Load.loadTransitive: finalizeProject(Project(id cs241e-build, base: C:\Users\matth\Downloads\cs241e-handout-2609.01-6affb3c018998a51b90d58e18f2d7cfac5ceeeca\cs241e\project, plugins: List(<none>))) took 6.8782ms
[debug] [Loading] Done in C:\Users\matth\Downloads\cs241e-handout-2609.01-6affb3c018998a51b90d58e18f2d7cfac5ceeeca\cs241e\project, returning: (cs241e-build)
[debug]           Load.loadUnit: loadedProjectsRaw took 3824.4321ms
[debug]           Load.loadUnit: cleanEvalClasses took 10.0769ms
[debug]         Load.loadUnit(file:/C:/Users/matth/Downloads/cs241e-handout-2609.01-6affb3c018998a51b90d58e18f2d7cfac5ceeeca/cs241e/project/, ...) took 3873.898ms
[debug]       Load.apply: load took 3876.5106ms
[debug]       Load.apply: resolveProjects took 0.1547ms
[debug]       Load.apply: finalTransforms took 20.3989ms
[debug]       Load.apply: config.delegates took 0.658ms
[debug]       Load.apply: Def.make(settings)... took 150.8784ms
[debug]       Load.apply: structureIndex took 42.0834ms
[debug]       Load.apply: mkStreams took 0.0036ms
[info] loading project definition from C:\Users\matth\Downloads\cs241e-handout-2609.01-6affb3c018998a51b90d58e18f2d7cfac5ceeeca\cs241e\project
[debug] Running task... Cancel: Signal, check cycles: false, forcegc: true
[debug]     Load.loadUnit: plugins took 4612.7562ms
[debug]     Load.loadUnit: defsScala took 0.0048ms
[debug] [Loading] Scanning directory C:\Users\matth\Downloads\cs241e-handout-2609.01-6affb3c018998a51b90d58e18f2d7cfac5ceeeca\cs241e
[debug]       Load.loadUnit: mkEval took 0.4093ms
[debug] [Loading] Found non-root projects 
[debug] [Loading] Done in C:\Users\matth\Downloads\cs241e-handout-2609.01-6affb3c018998a51b90d58e18f2d7cfac5ceeeca\cs241e, returning: ()
[debug] deducing auto plugins based on known facts Set(Atom(sbt.plugins.CorePlugin)) and clauses Clauses(Clause(Atom(sbt.plugins.JvmPlugin),Set(Atom(sbt.plugins.IvyPlugin)))
[debug] Clause(Atom(sbt.ScriptedPlugin),Set(Atom(sbt.plugins.JvmPlugin)))
[debug] Clause(Atom(sbt.plugins.SbtPlugin),Set(Atom(sbt.ScriptedPlugin)))
[debug] Clause(Atom(sbt.plugins.SemanticdbPlugin),Set(Atom(sbt.plugins.JvmPlugin)))
[debug] Clause(Atom(sbt.plugins.JUnitXmlReportPlugin),Set(Atom(sbt.plugins.JvmPlugin)))
[debug] Clause(Atom(sbt.plugins.MiniDependencyTreePlugin),Set(Atom(sbt.plugins.JvmPlugin)))
[debug] Clause(Atom(org.jetbrains.sbt.GenerateAllManagedSourcesPlugin),Set(Atom(sbt.plugins.JvmPlugin)))
[debug] Clause(Atom(org.jetbrains.sbt.SbtSourcesPlugin),Set(Atom(sbt.plugins.JvmPlugin)))
[debug] Clause(Atom(org.jetbrains.sbt.StructurePlugin),Set(Atom(sbt.plugins.JvmPlugin)))
[debug] Clause(Atom(org.jetbrains.sbt.IdeaShellPlugin),Set(Atom(sbt.plugins.JvmPlugin)))
[debug] Clause(Atom(sbt.plugins.CorePlugin),Set(Atom(sbt.plugins.IvyPlugin)))
[debug] Clause(Atom(sbt.plugins.IvyPlugin),Set(Atom(sbt.plugins.JvmPlugin)))
[debug] Clause(Atom(sbt.plugins.JvmPlugin),Set(Atom(sbt.plugins.SemanticdbPlugin)))
[debug] Clause(Atom(sbt.plugins.JvmPlugin),Set(Atom(sbt.plugins.JUnitXmlReportPlugin)))
[debug] Clause(Atom(sbt.plugins.CorePlugin),Set(Atom(sbt.plugins.Giter8TemplatePlugin)))
[debug] Clause(Atom(sbt.plugins.JvmPlugin),Set(Atom(sbt.plugins.MiniDependencyTreePlugin)))
[debug] Clause(Atom(sbt.plugins.JvmPlugin),Set(Atom(org.jetbrains.sbt.GenerateAllManagedSourcesPlugin)))
[debug] Clause(Atom(sbt.plugins.JvmPlugin),Set(Atom(org.jetbrains.sbt.SbtSourcesPlugin)))
[debug] Clause(Atom(sbt.plugins.JvmPlugin),Set(Atom(org.jetbrains.sbt.StructurePlugin)))
[debug] Clause(Atom(sbt.plugins.JvmPlugin),Set(Atom(org.jetbrains.sbt.IdeaShellPlugin))))
[debug]   :: deduced result: Matched(sbt.plugins.CorePlugin,sbt.plugins.Giter8TemplatePlugin,sbt.plugins.IvyPlugin,sbt.plugins.JvmPlugin,org.jetbrains.sbt.GenerateAllManagedSourcesPlugin,sbt.plugins.SemanticdbPlugin,sbt.plugins.JUnitXmlReportPlugin,org.jetbrains.sbt.IdeaShellPlugin,org.jetbrains.sbt.StructurePlugin,org.jetbrains.sbt.SbtSourcesPlugin,sbt.plugins.MiniDependencyTreePlugin)
[debug] Plugins.deducer#function took 3.7795 ms
[info] loading settings for project cs241e from build.sbt...
[debug]         Load.resolveProject(cs241e) took 61.6558ms
[debug]       Load.loadTransitive: finalizeProject(Project(id cs241e, base: C:\Users\matth\Downloads\cs241e-handout-2609.01-6affb3c018998a51b90d58e18f2d7cfac5ceeeca\cs241e, plugins: List(<none>))) took 66.5158ms
[debug] [Loading] Done in C:\Users\matth\Downloads\cs241e-handout-2609.01-6affb3c018998a51b90d58e18f2d7cfac5ceeeca\cs241e, returning: (cs241e)
[debug]     Load.loadUnit: loadedProjectsRaw took 3851.1495ms
[debug]     Load.loadUnit: cleanEvalClasses took 72.971ms
[debug]   Load.loadUnit(file:/C:/Users/matth/Downloads/cs241e-handout-2609.01-6affb3c018998a51b90d58e18f2d7cfac5ceeeca/cs241e/, ...) took 8538.87ms
[debug] Load.apply: load took 8542.31ms
[debug] Load.apply: resolveProjects took 0.2826ms
[debug] Load.apply: finalTransforms took 40.1667ms
[debug] Load.apply: config.delegates took 0.7007ms
[debug] Load.apply: Def.make(settings)... took 102.9473ms
[debug] Load.apply: structureIndex took 36.3327ms
[debug] Load.apply: mkStreams took 0.0059ms
[info] set current project to cs241e (in build file:/C:/Users/matth/Downloads/cs241e-handout-2609.01-6affb3c018998a51b90d58e18f2d7cfac5ceeeca/cs241e/)
[debug] > Exec(sbtPopOnFailure, None, None)
[debug] > Exec(resumeFromFailure, None, None)
[debug] > Exec(notifyUsersAboutShell, None, None)
[debug] > Exec(iflast shell, None, None)
[debug] > Exec(idea-shell, None, None)
