[debug] > Exec(early(addDefaultCommands), None, None)
[debug] > Exec(addDefaultCommands, None, None)
[debug] > Exec(early(initialize), None, None)
[debug] > Exec(initialize, None, None)
[debug] > Exec(early(addPluginSbtFile="""C:/Users/matth/AppData/Local/Temp/idea15988169920306291942.sbt"""), None, None)
[debug] > Exec(addPluginSbtFile="""C:/Users/matth/AppData/Local/Temp/idea15988169920306291942.sbt""", None, None)
[debug] > Exec(boot, None, None)
[debug] > Exec(writeSbtVersion, None, None)
[debug] > Exec(reload, None, None)
[debug] > Exec(sbtStashOnFailure, None, None)
[debug] > Exec(onFailure loadFailed, None, None)
[debug] > Exec(loadp, None, None)
[info] welcome to sbt 1.11.4 (Oracle Corporation Java 26.0.2.1)
[debug]       Load.loadUnit: plugins took 165.3535ms
[debug]       Load.loadUnit: defsScala took 0.6451ms
[debug] [Loading] Scanning directory C:\Users\matth\.sbt\1.0\plugins
[debug] [Loading] Found non-root projects 
[debug] [Loading] Done in C:\Users\matth\.sbt\1.0\plugins, returning: ()
[debug] deducing auto plugins based on known facts Set(Atom(sbt.plugins.CorePlugin)) and clauses Clauses(Clause(Atom(sbt.plugins.JvmPlugin),Set(Atom(sbt.plugins.IvyPlugin)))
[debug] Clause(Atom(sbt.ScriptedPlugin),Set(Atom(sbt.plugins.JvmPlugin)))
[debug] Clause(Atom(sbt.plugins.SbtPlugin),Set(Atom(sbt.ScriptedPlugin)))
[debug] Clause(Atom(sbt.plugins.SemanticdbPlugin),Set(Atom(sbt.plugins.JvmPlugin)))
[debug] Clause(Atom(sbt.plugins.JUnitXmlReportPlugin),Set(Atom(sbt.plugins.JvmPlugin)))
[debug] Clause(Atom(sbt.plugins.MiniDependencyTreePlugin),Set(Atom(sbt.plugins.JvmPlugin)))
[debug] Clause(Atom(sbt.plugins.CorePlugin),Set(Atom(sbt.plugins.IvyPlugin)))
[debug] Clause(Atom(sbt.plugins.IvyPlugin),Set(Atom(sbt.plugins.JvmPlugin)))
[debug] Clause(Atom(sbt.plugins.JvmPlugin),Set(Atom(sbt.plugins.SemanticdbPlugin)))
[debug] Clause(Atom(sbt.plugins.JvmPlugin),Set(Atom(sbt.plugins.JUnitXmlReportPlugin)))
[debug] Clause(Atom(sbt.plugins.CorePlugin),Set(Atom(sbt.plugins.Giter8TemplatePlugin)))
[debug] Clause(Atom(sbt.plugins.JvmPlugin),Set(Atom(sbt.plugins.MiniDependencyTreePlugin))))
[debug]   :: deduced result: Matched(sbt.plugins.CorePlugin,sbt.plugins.Giter8TemplatePlugin,sbt.plugins.IvyPlugin,sbt.plugins.JvmPlugin,sbt.plugins.MiniDependencyTreePlugin,sbt.plugins.JUnitXmlReportPlugin,sbt.plugins.SemanticdbPlugin)
[debug] Plugins.deducer#function took 31.9235 ms
[debug]           Load.resolveProject(global-plugins) took 99.6149ms
[debug]         Load.loadTransitive: finalizeProject(Project(id global-plugins, base: C:\Users\matth\.sbt\1.0\plugins, plugins: List(<none>))) took 168.4006ms
[debug] [Loading] Done in C:\Users\matth\.sbt\1.0\plugins, returning: (global-plugins)
[debug]       Load.loadUnit: loadedProjectsRaw took 215.7063ms
[debug]       Load.loadUnit: cleanEvalClasses took 0.6846ms
[debug]     Load.loadUnit(file:/C:/Users/matth/.sbt/1.0/plugins/, ...) took 401.7699ms
[debug]   Load.apply: load took 708.1061ms
[debug]   Load.apply: resolveProjects took 11.5822ms
[debug]   Load.apply: finalTransforms took 79.3266ms
[debug]   Load.apply: config.delegates took 10.7644ms
[debug]   Load.apply: Def.make(settings)... took 585.907ms
[debug]   Load.apply: structureIndex took 131.266ms
[debug]   Load.apply: mkStreams took 1.7107ms
[info] loading global plugins from C:\Users\matth\.sbt\1.0\plugins
[debug] Running task... Cancel: Signal, check cycles: false, forcegc: true
[debug] Load.defaultLoad until apply took 3552.6353ms
[debug]           Load.loadUnit: plugins took 26.8959ms
[debug]           Load.loadUnit: defsScala took 0.0043ms
[debug] [Loading] Scanning directory C:\Users\matth\Downloads\cs241e-handout-2609.01-6affb3c018998a51b90d58e18f2d7cfac5ceeeca\cs241e\project
[debug]             Load.loadUnit: mkEval took 7.8627ms
[debug] [Loading] Found non-root projects 
[debug] [Loading] Done in C:\Users\matth\Downloads\cs241e-handout-2609.01-6affb3c018998a51b90d58e18f2d7cfac5ceeeca\cs241e\project, returning: ()
[debug] deducing auto plugins based on known facts Set(Atom(sbt.plugins.CorePlugin)) and clauses Clauses(Clause(Atom(sbt.plugins.JvmPlugin),Set(Atom(sbt.plugins.IvyPlugin)))
[debug] Clause(Atom(sbt.ScriptedPlugin),Set(Atom(sbt.plugins.JvmPlugin)))
[debug] Clause(Atom(sbt.plugins.SbtPlugin),Set(Atom(sbt.ScriptedPlugin)))
[debug] Clause(Atom(sbt.plugins.SemanticdbPlugin),Set(Atom(sbt.plugins.JvmPlugin)))
[debug] Clause(Atom(sbt.plugins.JUnitXmlReportPlugin),Set(Atom(sbt.plugins.JvmPlugin)))
[debug] Clause(Atom(sbt.plugins.MiniDependencyTreePlugin),Set(Atom(sbt.plugins.JvmPlugin)))
[debug] Clause(Atom(sbt.plugins.CorePlugin),Set(Atom(sbt.plugins.IvyPlugin)))
[debug] Clause(Atom(sbt.plugins.IvyPlugin),Set(Atom(sbt.plugins.JvmPlugin)))
[debug] Clause(Atom(sbt.plugins.JvmPlugin),Set(Atom(sbt.plugins.SemanticdbPlugin)))
[debug] Clause(Atom(sbt.plugins.JvmPlugin),Set(Atom(sbt.plugins.JUnitXmlReportPlugin)))
[debug] Clause(Atom(sbt.plugins.CorePlugin),Set(Atom(sbt.plugins.Giter8TemplatePlugin)))
[debug] Clause(Atom(sbt.plugins.JvmPlugin),Set(Atom(sbt.plugins.MiniDependencyTreePlugin))))
[debug]   :: deduced result: Matched(sbt.plugins.CorePlugin,sbt.plugins.Giter8TemplatePlugin,sbt.plugins.IvyPlugin,sbt.plugins.JvmPlugin,sbt.plugins.MiniDependencyTreePlugin,sbt.plugins.JUnitXmlReportPlugin,sbt.plugins.SemanticdbPlugin)
[debug] Plugins.deducer#function took 1.5587 ms
[info] loading settings for project cs241e-build from idea15988169920306291942.sbt...
[debug]               Load.resolveProject(cs241e-build) took 10.1026ms
[debug]             Load.loadTransitive: finalizeProject(Project(id cs241e-build, base: C:\Users\matth\Downloads\cs241e-handout-2609.01-6affb3c018998a51b90d58e18f2d7cfac5ceeeca\cs241e\project, plugins: List(<none>))) took 12.3263ms
[debug] [Loading] Done in C:\Users\matth\Downloads\cs241e-handout-2609.01-6affb3c018998a51b90d58e18f2d7cfac5ceeeca\cs241e\project, returning: (cs241e-build)
[debug]           Load.loadUnit: loadedProjectsRaw took 171.988ms
[debug]           Load.loadUnit: cleanEvalClasses took 7.3003ms
[debug]         Load.loadUnit(file:/C:/Users/matth/Downloads/cs241e-handout-2609.01-6affb3c018998a51b90d58e18f2d7cfac5ceeeca/cs241e/project/, ...) took 207.2028ms
[debug]       Load.apply: load took 209.3269ms
[debug]       Load.apply: resolveProjects took 0.1143ms
[debug]       Load.apply: finalTransforms took 18.7682ms
[debug]       Load.apply: config.delegates took 0.3568ms
[debug]       Load.apply: Def.make(settings)... took 61.9392ms
[debug]       Load.apply: structureIndex took 25.9345ms
[debug]       Load.apply: mkStreams took 0.0024ms
[info] loading project definition from C:\Users\matth\Downloads\cs241e-handout-2609.01-6affb3c018998a51b90d58e18f2d7cfac5ceeeca\cs241e\project
[debug] Running task... Cancel: Signal, check cycles: false, forcegc: true
[debug]     Load.loadUnit: plugins took 741.9417ms
[debug]     Load.loadUnit: defsScala took 0.006ms
[debug] [Loading] Scanning directory C:\Users\matth\Downloads\cs241e-handout-2609.01-6affb3c018998a51b90d58e18f2d7cfac5ceeeca\cs241e
[debug]       Load.loadUnit: mkEval took 0.6128ms
[debug] [Loading] Found non-root projects 
[debug] [Loading] Done in C:\Users\matth\Downloads\cs241e-handout-2609.01-6affb3c018998a51b90d58e18f2d7cfac5ceeeca\cs241e, returning: ()
[debug] deducing auto plugins based on known facts Set(Atom(sbt.plugins.CorePlugin)) and clauses Clauses(Clause(Atom(sbt.plugins.JvmPlugin),Set(Atom(sbt.plugins.IvyPlugin)))
[debug] Clause(Atom(sbt.ScriptedPlugin),Set(Atom(sbt.plugins.JvmPlugin)))
[debug] Clause(Atom(sbt.plugins.SbtPlugin),Set(Atom(sbt.ScriptedPlugin)))
[debug] Clause(Atom(sbt.plugins.SemanticdbPlugin),Set(Atom(sbt.plugins.JvmPlugin)))
[debug] Clause(Atom(sbt.plugins.JUnitXmlReportPlugin),Set(Atom(sbt.plugins.JvmPlugin)))
[debug] Clause(Atom(sbt.plugins.MiniDependencyTreePlugin),Set(Atom(sbt.plugins.JvmPlugin)))
[debug] Clause(Atom(org.jetbrains.sbt.GenerateAllManagedSourcesPlugin),Set(Atom(sbt.plugins.JvmPlugin)))
[debug] Clause(Atom(org.jetbrains.sbt.SbtSourcesPlugin),Set(Atom(sbt.plugins.JvmPlugin)))
[debug] Clause(Atom(org.jetbrains.sbt.StructurePlugin),Set(Atom(sbt.plugins.JvmPlugin)))
[debug] Clause(Atom(org.jetbrains.sbt.IdeaShellPlugin),Set(Atom(sbt.plugins.JvmPlugin)))
[debug] Clause(Atom(sbt.plugins.CorePlugin),Set(Atom(sbt.plugins.IvyPlugin)))
[debug] Clause(Atom(sbt.plugins.IvyPlugin),Set(Atom(sbt.plugins.JvmPlugin)))
[debug] Clause(Atom(sbt.plugins.JvmPlugin),Set(Atom(sbt.plugins.SemanticdbPlugin)))
[debug] Clause(Atom(sbt.plugins.JvmPlugin),Set(Atom(sbt.plugins.JUnitXmlReportPlugin)))
[debug] Clause(Atom(sbt.plugins.CorePlugin),Set(Atom(sbt.plugins.Giter8TemplatePlugin)))
[debug] Clause(Atom(sbt.plugins.JvmPlugin),Set(Atom(sbt.plugins.MiniDependencyTreePlugin)))
[debug] Clause(Atom(sbt.plugins.JvmPlugin),Set(Atom(org.jetbrains.sbt.GenerateAllManagedSourcesPlugin)))
[debug] Clause(Atom(sbt.plugins.JvmPlugin),Set(Atom(org.jetbrains.sbt.SbtSourcesPlugin)))
[debug] Clause(Atom(sbt.plugins.JvmPlugin),Set(Atom(org.jetbrains.sbt.StructurePlugin)))
[debug] Clause(Atom(sbt.plugins.JvmPlugin),Set(Atom(org.jetbrains.sbt.IdeaShellPlugin))))
[debug]   :: deduced result: Matched(sbt.plugins.CorePlugin,sbt.plugins.Giter8TemplatePlugin,sbt.plugins.IvyPlugin,sbt.plugins.JvmPlugin,org.jetbrains.sbt.GenerateAllManagedSourcesPlugin,sbt.plugins.SemanticdbPlugin,sbt.plugins.JUnitXmlReportPlugin,org.jetbrains.sbt.IdeaShellPlugin,org.jetbrains.sbt.StructurePlugin,org.jetbrains.sbt.SbtSourcesPlugin,sbt.plugins.MiniDependencyTreePlugin)
[debug] Plugins.deducer#function took 2.5213 ms
[info] loading settings for project cs241e from build.sbt...
[debug]         Load.resolveProject(cs241e) took 45.9433ms
[debug]       Load.loadTransitive: finalizeProject(Project(id cs241e, base: C:\Users\matth\Downloads\cs241e-handout-2609.01-6affb3c018998a51b90d58e18f2d7cfac5ceeeca\cs241e, plugins: List(<none>))) took 49.0937ms
[debug] [Loading] Done in C:\Users\matth\Downloads\cs241e-handout-2609.01-6affb3c018998a51b90d58e18f2d7cfac5ceeeca\cs241e, returning: (cs241e)
[debug]     Load.loadUnit: loadedProjectsRaw took 203.1649ms
[debug]     Load.loadUnit: cleanEvalClasses took 20.6494ms
[debug]   Load.loadUnit(file:/C:/Users/matth/Downloads/cs241e-handout-2609.01-6affb3c018998a51b90d58e18f2d7cfac5ceeeca/cs241e/, ...) took 966.9694ms
[debug] Load.apply: load took 969.6868ms
[debug] Load.apply: resolveProjects took 0.112ms
[debug] Load.apply: finalTransforms took 20.1644ms
[debug] Load.apply: config.delegates took 0.4256ms
[debug] Load.apply: Def.make(settings)... took 81.9723ms
[debug] Load.apply: structureIndex took 31.6809ms
[debug] Load.apply: mkStreams took 0.0034ms
[info] set current project to cs241e (in build file:/C:/Users/matth/Downloads/cs241e-handout-2609.01-6affb3c018998a51b90d58e18f2d7cfac5ceeeca/cs241e/)
[debug] > Exec(sbtPopOnFailure, None, None)
[debug] > Exec(resumeFromFailure, None, None)
[debug] > Exec(notifyUsersAboutShell, None, None)
[debug] > Exec(iflast shell, None, None)
[debug] > Exec(idea-shell, None, None)
