[debug] > Exec(early(addDefaultCommands), None, None)
[debug] > Exec(addDefaultCommands, None, None)
[debug] > Exec(early(initialize), None, None)
[debug] > Exec(initialize, None, None)
[debug] > Exec(early(addPluginSbtFile="""C:/Users/matth/AppData/Local/Temp/idea4597564345889942418.sbt"""), None, None)
[debug] > Exec(addPluginSbtFile="""C:/Users/matth/AppData/Local/Temp/idea4597564345889942418.sbt""", None, None)
[debug] > Exec(boot, None, None)
[debug] > Exec(writeSbtVersion, None, None)
[debug] > Exec(reload, None, None)
[debug] > Exec(sbtStashOnFailure, None, None)
[debug] > Exec(onFailure loadFailed, None, None)
[debug] > Exec(loadp, None, None)
[info] welcome to sbt 1.11.4 (Oracle Corporation Java 26.0.2.1)
[debug]       Load.loadUnit: plugins took 87.0024ms
[debug]       Load.loadUnit: defsScala took 0.1842ms
[debug] [Loading] Scanning directory C:\Users\matth\.sbt\1.0\plugins
[debug] [Loading] Found non-root projects 
[debug] [Loading] Done in C:\Users\matth\.sbt\1.0\plugins, returning: ()
[debug] deducing auto plugins based on known facts Set(Atom(sbt.plugins.CorePlugin)) and clauses Clauses(Clause(Atom(sbt.plugins.JvmPlugin),Set(Atom(sbt.plugins.IvyPlugin)))
[debug] Clause(Atom(sbt.ScriptedPlugin),Set(Atom(sbt.plugins.JvmPlugin)))
[debug] Clause(Atom(sbt.plugins.SbtPlugin),Set(Atom(sbt.ScriptedPlugin)))
[debug] Clause(Atom(sbt.plugins.SemanticdbPlugin),Set(Atom(sbt.plugins.JvmPlugin)))
[debug] Clause(Atom(sbt.plugins.JUnitXmlReportPlugin),Set(Atom(sbt.plugins.JvmPlugin)))
[debug] Clause(Atom(sbt.plugins.MiniDependencyTreePlugin),Set(Atom(sbt.plugins.JvmPlugin)))
[debug] Clause(Atom(sbt.plugins.CorePlugin),Set(Atom(sbt.plugins.IvyPlugin)))
[debug] Clause(Atom(sbt.plugins.IvyPlugin),Set(Atom(sbt.plugins.JvmPlugin)))
[debug] Clause(Atom(sbt.plugins.JvmPlugin),Set(Atom(sbt.plugins.SemanticdbPlugin)))
[debug] Clause(Atom(sbt.plugins.JvmPlugin),Set(Atom(sbt.plugins.JUnitXmlReportPlugin)))
[debug] Clause(Atom(sbt.plugins.CorePlugin),Set(Atom(sbt.plugins.Giter8TemplatePlugin)))
[debug] Clause(Atom(sbt.plugins.JvmPlugin),Set(Atom(sbt.plugins.MiniDependencyTreePlugin))))
[debug]   :: deduced result: Matched(sbt.plugins.CorePlugin,sbt.plugins.Giter8TemplatePlugin,sbt.plugins.IvyPlugin,sbt.plugins.JvmPlugin,sbt.plugins.MiniDependencyTreePlugin,sbt.plugins.JUnitXmlReportPlugin,sbt.plugins.SemanticdbPlugin)
[debug] Plugins.deducer#function took 31.9181 ms
[debug]           Load.resolveProject(global-plugins) took 73.1787ms
[debug]         Load.loadTransitive: finalizeProject(Project(id global-plugins, base: C:\Users\matth\.sbt\1.0\plugins, plugins: List(<none>))) took 134.0273ms
[debug] [Loading] Done in C:\Users\matth\.sbt\1.0\plugins, returning: (global-plugins)
[debug]       Load.loadUnit: loadedProjectsRaw took 195.4148ms
[debug]       Load.loadUnit: cleanEvalClasses took 0.3337ms
[debug]     Load.loadUnit(file:/C:/Users/matth/.sbt/1.0/plugins/, ...) took 292.1555ms
[debug]   Load.apply: load took 580.1001ms
[debug]   Load.apply: resolveProjects took 4.5379ms
[debug]   Load.apply: finalTransforms took 57.1558ms
[debug]   Load.apply: config.delegates took 16.4173ms
[debug]   Load.apply: Def.make(settings)... took 708.0814ms
[debug]   Load.apply: structureIndex took 228.5564ms
[debug]   Load.apply: mkStreams took 1.0437ms
[info] loading global plugins from C:\Users\matth\.sbt\1.0\plugins
[debug] Running task... Cancel: Signal, check cycles: false, forcegc: true
[debug] Load.defaultLoad until apply took 3953.2056ms
[debug]           Load.loadUnit: plugins took 38.4514ms
[debug]           Load.loadUnit: defsScala took 0.0028ms
[debug] [Loading] Scanning directory C:\Users\matth\Downloads\cs241e-handout-2609.01-6affb3c018998a51b90d58e18f2d7cfac5ceeeca\cs241e\project
[debug]             Load.loadUnit: mkEval took 9.6946ms
[debug] [Loading] Found non-root projects 
[debug] [Loading] Done in C:\Users\matth\Downloads\cs241e-handout-2609.01-6affb3c018998a51b90d58e18f2d7cfac5ceeeca\cs241e\project, returning: ()
[debug] deducing auto plugins based on known facts Set(Atom(sbt.plugins.CorePlugin)) and clauses Clauses(Clause(Atom(sbt.plugins.JvmPlugin),Set(Atom(sbt.plugins.IvyPlugin)))
[debug] Clause(Atom(sbt.ScriptedPlugin),Set(Atom(sbt.plugins.JvmPlugin)))
[debug] Clause(Atom(sbt.plugins.SbtPlugin),Set(Atom(sbt.ScriptedPlugin)))
[debug] Clause(Atom(sbt.plugins.SemanticdbPlugin),Set(Atom(sbt.plugins.JvmPlugin)))
[debug] Clause(Atom(sbt.plugins.JUnitXmlReportPlugin),Set(Atom(sbt.plugins.JvmPlugin)))
[debug] Clause(Atom(sbt.plugins.MiniDependencyTreePlugin),Set(Atom(sbt.plugins.JvmPlugin)))
[debug] Clause(Atom(sbt.plugins.CorePlugin),Set(Atom(sbt.plugins.IvyPlugin)))
[debug] Clause(Atom(sbt.plugins.IvyPlugin),Set(Atom(sbt.plugins.JvmPlugin)))
[debug] Clause(Atom(sbt.plugins.JvmPlugin),Set(Atom(sbt.plugins.SemanticdbPlugin)))
[debug] Clause(Atom(sbt.plugins.JvmPlugin),Set(Atom(sbt.plugins.JUnitXmlReportPlugin)))
[debug] Clause(Atom(sbt.plugins.CorePlugin),Set(Atom(sbt.plugins.Giter8TemplatePlugin)))
[debug] Clause(Atom(sbt.plugins.JvmPlugin),Set(Atom(sbt.plugins.MiniDependencyTreePlugin))))
[debug]   :: deduced result: Matched(sbt.plugins.CorePlugin,sbt.plugins.Giter8TemplatePlugin,sbt.plugins.IvyPlugin,sbt.plugins.JvmPlugin,sbt.plugins.MiniDependencyTreePlugin,sbt.plugins.JUnitXmlReportPlugin,sbt.plugins.SemanticdbPlugin)
[debug] Plugins.deducer#function took 1.4018 ms
[info] loading settings for project cs241e-build from idea4597564345889942418.sbt...
[debug]               Load.resolveProject(cs241e-build) took 2.4477ms
[debug]             Load.loadTransitive: finalizeProject(Project(id cs241e-build, base: C:\Users\matth\Downloads\cs241e-handout-2609.01-6affb3c018998a51b90d58e18f2d7cfac5ceeeca\cs241e\project, plugins: List(<none>))) took 4.2861ms
[debug] [Loading] Done in C:\Users\matth\Downloads\cs241e-handout-2609.01-6affb3c018998a51b90d58e18f2d7cfac5ceeeca\cs241e\project, returning: (cs241e-build)
[debug]           Load.loadUnit: loadedProjectsRaw took 114.5612ms
[debug]           Load.loadUnit: cleanEvalClasses took 4.3896ms
[debug]         Load.loadUnit(file:/C:/Users/matth/Downloads/cs241e-handout-2609.01-6affb3c018998a51b90d58e18f2d7cfac5ceeeca/cs241e/project/, ...) took 158.6789ms
[debug]       Load.apply: load took 162.6417ms
[debug]       Load.apply: resolveProjects took 0.0882ms
[debug]       Load.apply: finalTransforms took 8.9775ms
[debug]       Load.apply: config.delegates took 1.1016ms
[debug]       Load.apply: Def.make(settings)... took 56.8173ms
[debug]       Load.apply: structureIndex took 20.624ms
[debug]       Load.apply: mkStreams took 0.0025ms
[info] loading project definition from C:\Users\matth\Downloads\cs241e-handout-2609.01-6affb3c018998a51b90d58e18f2d7cfac5ceeeca\cs241e\project
[debug] Running task... Cancel: Signal, check cycles: false, forcegc: true
[debug]     Load.loadUnit: plugins took 618.7399ms
[debug]     Load.loadUnit: defsScala took 0.0064ms
[debug] [Loading] Scanning directory C:\Users\matth\Downloads\cs241e-handout-2609.01-6affb3c018998a51b90d58e18f2d7cfac5ceeeca\cs241e
[debug]       Load.loadUnit: mkEval took 0.3184ms
[debug] [Loading] Found non-root projects 
[debug] [Loading] Done in C:\Users\matth\Downloads\cs241e-handout-2609.01-6affb3c018998a51b90d58e18f2d7cfac5ceeeca\cs241e, returning: ()
[debug] deducing auto plugins based on known facts Set(Atom(sbt.plugins.CorePlugin)) and clauses Clauses(Clause(Atom(sbt.plugins.JvmPlugin),Set(Atom(sbt.plugins.IvyPlugin)))
[debug] Clause(Atom(sbt.ScriptedPlugin),Set(Atom(sbt.plugins.JvmPlugin)))
[debug] Clause(Atom(sbt.plugins.SbtPlugin),Set(Atom(sbt.ScriptedPlugin)))
[debug] Clause(Atom(sbt.plugins.SemanticdbPlugin),Set(Atom(sbt.plugins.JvmPlugin)))
[debug] Clause(Atom(sbt.plugins.JUnitXmlReportPlugin),Set(Atom(sbt.plugins.JvmPlugin)))
[debug] Clause(Atom(sbt.plugins.MiniDependencyTreePlugin),Set(Atom(sbt.plugins.JvmPlugin)))
[debug] Clause(Atom(org.jetbrains.sbt.GenerateAllManagedSourcesPlugin),Set(Atom(sbt.plugins.JvmPlugin)))
[debug] Clause(Atom(org.jetbrains.sbt.SbtSourcesPlugin),Set(Atom(sbt.plugins.JvmPlugin)))
[debug] Clause(Atom(org.jetbrains.sbt.StructurePlugin),Set(Atom(sbt.plugins.JvmPlugin)))
[debug] Clause(Atom(org.jetbrains.sbt.IdeaShellPlugin),Set(Atom(sbt.plugins.JvmPlugin)))
[debug] Clause(Atom(sbt.plugins.CorePlugin),Set(Atom(sbt.plugins.IvyPlugin)))
[debug] Clause(Atom(sbt.plugins.IvyPlugin),Set(Atom(sbt.plugins.JvmPlugin)))
[debug] Clause(Atom(sbt.plugins.JvmPlugin),Set(Atom(sbt.plugins.SemanticdbPlugin)))
[debug] Clause(Atom(sbt.plugins.JvmPlugin),Set(Atom(sbt.plugins.JUnitXmlReportPlugin)))
[debug] Clause(Atom(sbt.plugins.CorePlugin),Set(Atom(sbt.plugins.Giter8TemplatePlugin)))
[debug] Clause(Atom(sbt.plugins.JvmPlugin),Set(Atom(sbt.plugins.MiniDependencyTreePlugin)))
[debug] Clause(Atom(sbt.plugins.JvmPlugin),Set(Atom(org.jetbrains.sbt.GenerateAllManagedSourcesPlugin)))
[debug] Clause(Atom(sbt.plugins.JvmPlugin),Set(Atom(org.jetbrains.sbt.SbtSourcesPlugin)))
[debug] Clause(Atom(sbt.plugins.JvmPlugin),Set(Atom(org.jetbrains.sbt.StructurePlugin)))
[debug] Clause(Atom(sbt.plugins.JvmPlugin),Set(Atom(org.jetbrains.sbt.IdeaShellPlugin))))
[debug]   :: deduced result: Matched(sbt.plugins.CorePlugin,sbt.plugins.Giter8TemplatePlugin,sbt.plugins.IvyPlugin,sbt.plugins.JvmPlugin,org.jetbrains.sbt.GenerateAllManagedSourcesPlugin,sbt.plugins.SemanticdbPlugin,sbt.plugins.JUnitXmlReportPlugin,org.jetbrains.sbt.IdeaShellPlugin,org.jetbrains.sbt.StructurePlugin,org.jetbrains.sbt.SbtSourcesPlugin,sbt.plugins.MiniDependencyTreePlugin)
[debug] Plugins.deducer#function took 2.9906 ms
[info] loading settings for project cs241e from build.sbt...
[debug]         Load.resolveProject(cs241e) took 49.0671ms
[debug]       Load.loadTransitive: finalizeProject(Project(id cs241e, base: C:\Users\matth\Downloads\cs241e-handout-2609.01-6affb3c018998a51b90d58e18f2d7cfac5ceeeca\cs241e, plugins: List(<none>))) took 52.7411ms
[debug] [Loading] Done in C:\Users\matth\Downloads\cs241e-handout-2609.01-6affb3c018998a51b90d58e18f2d7cfac5ceeeca\cs241e, returning: (cs241e)
[debug]     Load.loadUnit: loadedProjectsRaw took 222.2378ms
[debug]     Load.loadUnit: cleanEvalClasses took 30.3197ms
[debug]   Load.loadUnit(file:/C:/Users/matth/Downloads/cs241e-handout-2609.01-6affb3c018998a51b90d58e18f2d7cfac5ceeeca/cs241e/, ...) took 872.9997ms
[debug] Load.apply: load took 877.0205ms
[debug] Load.apply: resolveProjects took 0.2758ms
[debug] Load.apply: finalTransforms took 36.0374ms
[debug] Load.apply: config.delegates took 0.4422ms
[debug] Load.apply: Def.make(settings)... took 83.84ms
[debug] Load.apply: structureIndex took 30.8115ms
[debug] Load.apply: mkStreams took 0.0033ms
[info] set current project to cs241e (in build file:/C:/Users/matth/Downloads/cs241e-handout-2609.01-6affb3c018998a51b90d58e18f2d7cfac5ceeeca/cs241e/)
[debug] > Exec(sbtPopOnFailure, None, None)
[debug] > Exec(resumeFromFailure, None, None)
[debug] > Exec(notifyUsersAboutShell, None, None)
[debug] > Exec(iflast shell, None, None)
[debug] > Exec(idea-shell, None, None)
