[debug] > Exec(early(addDefaultCommands), None, None)
[debug] > Exec(addDefaultCommands, None, None)
[debug] > Exec(early(initialize), None, None)
[debug] > Exec(initialize, None, None)
[debug] > Exec(early(addPluginSbtFile="""C:/Users/matth/AppData/Local/Temp/idea12224359733550768576.sbt"""), None, None)
[debug] > Exec(addPluginSbtFile="""C:/Users/matth/AppData/Local/Temp/idea12224359733550768576.sbt""", None, None)
[debug] > Exec(boot, None, None)
[debug] > Exec(writeSbtVersion, None, None)
[debug] > Exec(reload, None, None)
[debug] > Exec(sbtStashOnFailure, None, None)
[debug] > Exec(onFailure loadFailed, None, None)
[debug] > Exec(loadp, None, None)
[info] welcome to sbt 1.11.4 (Oracle Corporation Java 26.0.2.1)
[debug]       Load.loadUnit: plugins took 191.8365ms
[debug]       Load.loadUnit: defsScala took 0.597ms
[debug] [Loading] Scanning directory C:\Users\matth\.sbt\1.0\plugins
[debug] [Loading] Found non-root projects 
[debug] [Loading] Done in C:\Users\matth\.sbt\1.0\plugins, returning: ()
[debug] deducing auto plugins based on known facts Set(Atom(sbt.plugins.CorePlugin)) and clauses Clauses(Clause(Atom(sbt.plugins.JvmPlugin),Set(Atom(sbt.plugins.IvyPlugin)))
[debug] Clause(Atom(sbt.ScriptedPlugin),Set(Atom(sbt.plugins.JvmPlugin)))
[debug] Clause(Atom(sbt.plugins.SbtPlugin),Set(Atom(sbt.ScriptedPlugin)))
[debug] Clause(Atom(sbt.plugins.SemanticdbPlugin),Set(Atom(sbt.plugins.JvmPlugin)))
[debug] Clause(Atom(sbt.plugins.JUnitXmlReportPlugin),Set(Atom(sbt.plugins.JvmPlugin)))
[debug] Clause(Atom(sbt.plugins.MiniDependencyTreePlugin),Set(Atom(sbt.plugins.JvmPlugin)))
[debug] Clause(Atom(sbt.plugins.CorePlugin),Set(Atom(sbt.plugins.IvyPlugin)))
[debug] Clause(Atom(sbt.plugins.IvyPlugin),Set(Atom(sbt.plugins.JvmPlugin)))
[debug] Clause(Atom(sbt.plugins.JvmPlugin),Set(Atom(sbt.plugins.SemanticdbPlugin)))
[debug] Clause(Atom(sbt.plugins.JvmPlugin),Set(Atom(sbt.plugins.JUnitXmlReportPlugin)))
[debug] Clause(Atom(sbt.plugins.CorePlugin),Set(Atom(sbt.plugins.Giter8TemplatePlugin)))
[debug] Clause(Atom(sbt.plugins.JvmPlugin),Set(Atom(sbt.plugins.MiniDependencyTreePlugin))))
[debug]   :: deduced result: Matched(sbt.plugins.CorePlugin,sbt.plugins.Giter8TemplatePlugin,sbt.plugins.IvyPlugin,sbt.plugins.JvmPlugin,sbt.plugins.MiniDependencyTreePlugin,sbt.plugins.JUnitXmlReportPlugin,sbt.plugins.SemanticdbPlugin)
[debug] Plugins.deducer#function took 30.8398 ms
[debug]           Load.resolveProject(global-plugins) took 71.2873ms
[debug]         Load.loadTransitive: finalizeProject(Project(id global-plugins, base: C:\Users\matth\.sbt\1.0\plugins, plugins: List(<none>))) took 138.3514ms
[debug] [Loading] Done in C:\Users\matth\.sbt\1.0\plugins, returning: (global-plugins)
[debug]       Load.loadUnit: loadedProjectsRaw took 188.526ms
[debug]       Load.loadUnit: cleanEvalClasses took 0.4448ms
[debug]     Load.loadUnit(file:/C:/Users/matth/.sbt/1.0/plugins/, ...) took 400.263ms
[debug]   Load.apply: load took 779.3426ms
[debug]   Load.apply: resolveProjects took 13.4129ms
[debug]   Load.apply: finalTransforms took 121.3565ms
[debug]   Load.apply: config.delegates took 11.9692ms
[debug]   Load.apply: Def.make(settings)... took 521.5522ms
[debug]   Load.apply: structureIndex took 167.2202ms
[debug]   Load.apply: mkStreams took 2.2968ms
[info] loading global plugins from C:\Users\matth\.sbt\1.0\plugins
[debug] Running task... Cancel: Signal, check cycles: false, forcegc: true
[debug] Load.defaultLoad until apply took 3804.2664ms
[debug]           Load.loadUnit: plugins took 33.4833ms
[debug]           Load.loadUnit: defsScala took 0.0062ms
[debug] [Loading] Scanning directory C:\Users\matth\Downloads\cs241e-handout-2609.01-6affb3c018998a51b90d58e18f2d7cfac5ceeeca\cs241e\project
[debug]             Load.loadUnit: mkEval took 11.3796ms
[debug] [Loading] Found non-root projects 
[debug] [Loading] Done in C:\Users\matth\Downloads\cs241e-handout-2609.01-6affb3c018998a51b90d58e18f2d7cfac5ceeeca\cs241e\project, returning: ()
[debug] deducing auto plugins based on known facts Set(Atom(sbt.plugins.CorePlugin)) and clauses Clauses(Clause(Atom(sbt.plugins.JvmPlugin),Set(Atom(sbt.plugins.IvyPlugin)))
[debug] Clause(Atom(sbt.ScriptedPlugin),Set(Atom(sbt.plugins.JvmPlugin)))
[debug] Clause(Atom(sbt.plugins.SbtPlugin),Set(Atom(sbt.ScriptedPlugin)))
[debug] Clause(Atom(sbt.plugins.SemanticdbPlugin),Set(Atom(sbt.plugins.JvmPlugin)))
[debug] Clause(Atom(sbt.plugins.JUnitXmlReportPlugin),Set(Atom(sbt.plugins.JvmPlugin)))
[debug] Clause(Atom(sbt.plugins.MiniDependencyTreePlugin),Set(Atom(sbt.plugins.JvmPlugin)))
[debug] Clause(Atom(sbt.plugins.CorePlugin),Set(Atom(sbt.plugins.IvyPlugin)))
[debug] Clause(Atom(sbt.plugins.IvyPlugin),Set(Atom(sbt.plugins.JvmPlugin)))
[debug] Clause(Atom(sbt.plugins.JvmPlugin),Set(Atom(sbt.plugins.SemanticdbPlugin)))
[debug] Clause(Atom(sbt.plugins.JvmPlugin),Set(Atom(sbt.plugins.JUnitXmlReportPlugin)))
[debug] Clause(Atom(sbt.plugins.CorePlugin),Set(Atom(sbt.plugins.Giter8TemplatePlugin)))
[debug] Clause(Atom(sbt.plugins.JvmPlugin),Set(Atom(sbt.plugins.MiniDependencyTreePlugin))))
[debug]   :: deduced result: Matched(sbt.plugins.CorePlugin,sbt.plugins.Giter8TemplatePlugin,sbt.plugins.IvyPlugin,sbt.plugins.JvmPlugin,sbt.plugins.MiniDependencyTreePlugin,sbt.plugins.JUnitXmlReportPlugin,sbt.plugins.SemanticdbPlugin)
[debug] Plugins.deducer#function took 2.6228 ms
[info] loading settings for project cs241e-build from idea12224359733550768576.sbt...
[debug]               Load.resolveProject(cs241e-build) took 4.4229ms
[debug]             Load.loadTransitive: finalizeProject(Project(id cs241e-build, base: C:\Users\matth\Downloads\cs241e-handout-2609.01-6affb3c018998a51b90d58e18f2d7cfac5ceeeca\cs241e\project, plugins: List(<none>))) took 7.9212ms
[debug] [Loading] Done in C:\Users\matth\Downloads\cs241e-handout-2609.01-6affb3c018998a51b90d58e18f2d7cfac5ceeeca\cs241e\project, returning: (cs241e-build)
[debug]           Load.loadUnit: loadedProjectsRaw took 214.9855ms
[debug]           Load.loadUnit: cleanEvalClasses took 9.5978ms
[debug]         Load.loadUnit(file:/C:/Users/matth/Downloads/cs241e-handout-2609.01-6affb3c018998a51b90d58e18f2d7cfac5ceeeca/cs241e/project/, ...) took 259.5585ms
[debug]       Load.apply: load took 261.8156ms
[debug]       Load.apply: resolveProjects took 0.1808ms
[debug]       Load.apply: finalTransforms took 14.0792ms
[debug]       Load.apply: config.delegates took 0.562ms
[debug]       Load.apply: Def.make(settings)... took 93.2043ms
[debug]       Load.apply: structureIndex took 43.574ms
[debug]       Load.apply: mkStreams took 0.0039ms
[info] loading project definition from C:\Users\matth\Downloads\cs241e-handout-2609.01-6affb3c018998a51b90d58e18f2d7cfac5ceeeca\cs241e\project
[debug] Running task... Cancel: Signal, check cycles: false, forcegc: true
[debug]     Load.loadUnit: plugins took 844.7948ms
[debug]     Load.loadUnit: defsScala took 0.0061ms
[debug] [Loading] Scanning directory C:\Users\matth\Downloads\cs241e-handout-2609.01-6affb3c018998a51b90d58e18f2d7cfac5ceeeca\cs241e
[debug]       Load.loadUnit: mkEval took 0.568ms
[debug] [Loading] Found non-root projects 
[debug] [Loading] Done in C:\Users\matth\Downloads\cs241e-handout-2609.01-6affb3c018998a51b90d58e18f2d7cfac5ceeeca\cs241e, returning: ()
[debug] deducing auto plugins based on known facts Set(Atom(sbt.plugins.CorePlugin)) and clauses Clauses(Clause(Atom(sbt.plugins.JvmPlugin),Set(Atom(sbt.plugins.IvyPlugin)))
[debug] Clause(Atom(sbt.ScriptedPlugin),Set(Atom(sbt.plugins.JvmPlugin)))
[debug] Clause(Atom(sbt.plugins.SbtPlugin),Set(Atom(sbt.ScriptedPlugin)))
[debug] Clause(Atom(sbt.plugins.SemanticdbPlugin),Set(Atom(sbt.plugins.JvmPlugin)))
[debug] Clause(Atom(sbt.plugins.JUnitXmlReportPlugin),Set(Atom(sbt.plugins.JvmPlugin)))
[debug] Clause(Atom(sbt.plugins.MiniDependencyTreePlugin),Set(Atom(sbt.plugins.JvmPlugin)))
[debug] Clause(Atom(org.jetbrains.sbt.GenerateAllManagedSourcesPlugin),Set(Atom(sbt.plugins.JvmPlugin)))
[debug] Clause(Atom(org.jetbrains.sbt.SbtSourcesPlugin),Set(Atom(sbt.plugins.JvmPlugin)))
[debug] Clause(Atom(org.jetbrains.sbt.StructurePlugin),Set(Atom(sbt.plugins.JvmPlugin)))
[debug] Clause(Atom(org.jetbrains.sbt.IdeaShellPlugin),Set(Atom(sbt.plugins.JvmPlugin)))
[debug] Clause(Atom(sbt.plugins.CorePlugin),Set(Atom(sbt.plugins.IvyPlugin)))
[debug] Clause(Atom(sbt.plugins.IvyPlugin),Set(Atom(sbt.plugins.JvmPlugin)))
[debug] Clause(Atom(sbt.plugins.JvmPlugin),Set(Atom(sbt.plugins.SemanticdbPlugin)))
[debug] Clause(Atom(sbt.plugins.JvmPlugin),Set(Atom(sbt.plugins.JUnitXmlReportPlugin)))
[debug] Clause(Atom(sbt.plugins.CorePlugin),Set(Atom(sbt.plugins.Giter8TemplatePlugin)))
[debug] Clause(Atom(sbt.plugins.JvmPlugin),Set(Atom(sbt.plugins.MiniDependencyTreePlugin)))
[debug] Clause(Atom(sbt.plugins.JvmPlugin),Set(Atom(org.jetbrains.sbt.GenerateAllManagedSourcesPlugin)))
[debug] Clause(Atom(sbt.plugins.JvmPlugin),Set(Atom(org.jetbrains.sbt.SbtSourcesPlugin)))
[debug] Clause(Atom(sbt.plugins.JvmPlugin),Set(Atom(org.jetbrains.sbt.StructurePlugin)))
[debug] Clause(Atom(sbt.plugins.JvmPlugin),Set(Atom(org.jetbrains.sbt.IdeaShellPlugin))))
[debug]   :: deduced result: Matched(sbt.plugins.CorePlugin,sbt.plugins.Giter8TemplatePlugin,sbt.plugins.IvyPlugin,sbt.plugins.JvmPlugin,org.jetbrains.sbt.GenerateAllManagedSourcesPlugin,sbt.plugins.SemanticdbPlugin,sbt.plugins.JUnitXmlReportPlugin,org.jetbrains.sbt.IdeaShellPlugin,org.jetbrains.sbt.StructurePlugin,org.jetbrains.sbt.SbtSourcesPlugin,sbt.plugins.MiniDependencyTreePlugin)
[debug] Plugins.deducer#function took 3.2385 ms
[info] loading settings for project cs241e from build.sbt...
[debug]         Load.resolveProject(cs241e) took 47.2202ms
[debug]       Load.loadTransitive: finalizeProject(Project(id cs241e, base: C:\Users\matth\Downloads\cs241e-handout-2609.01-6affb3c018998a51b90d58e18f2d7cfac5ceeeca\cs241e, plugins: List(<none>))) took 51.1849ms
[debug] [Loading] Done in C:\Users\matth\Downloads\cs241e-handout-2609.01-6affb3c018998a51b90d58e18f2d7cfac5ceeeca\cs241e, returning: (cs241e)
[debug]     Load.loadUnit: loadedProjectsRaw took 256.956ms
[debug]     Load.loadUnit: cleanEvalClasses took 31.7766ms
[debug]   Load.loadUnit(file:/C:/Users/matth/Downloads/cs241e-handout-2609.01-6affb3c018998a51b90d58e18f2d7cfac5ceeeca/cs241e/, ...) took 1134.8978ms
[debug] Load.apply: load took 1137.4289ms
[debug] Load.apply: resolveProjects took 0.1425ms
[debug] Load.apply: finalTransforms took 27.8693ms
[debug] Load.apply: config.delegates took 0.612ms
[debug] Load.apply: Def.make(settings)... took 89.1969ms
[debug] Load.apply: structureIndex took 54.1544ms
[debug] Load.apply: mkStreams took 0.0038ms
[info] set current project to cs241e (in build file:/C:/Users/matth/Downloads/cs241e-handout-2609.01-6affb3c018998a51b90d58e18f2d7cfac5ceeeca/cs241e/)
[debug] > Exec(sbtPopOnFailure, None, None)
[debug] > Exec(resumeFromFailure, None, None)
[debug] > Exec(notifyUsersAboutShell, None, None)
[debug] > Exec(iflast shell, None, None)
[debug] > Exec(idea-shell, None, None)
